Archive member included because of file (symbol)

/usr/bin/../lib/gcc/arm-none-eabi/4.5.2/../../../../arm-none-eabi/lib/thumb2/libc.a(lib_a-memcpy.o)
                              ./src/chip8/chip8.o (memcpy)
/usr/bin/../lib/gcc/arm-none-eabi/4.5.2/../../../../arm-none-eabi/lib/thumb2/libc.a(lib_a-memset.o)
                              ./src/lcd1202/lcd1202.o (memset)
/usr/bin/../lib/gcc/arm-none-eabi/4.5.2/../../../../arm-none-eabi/lib/thumb2/libc.a(lib_a-strlen.o)
                              ./src/lcd1202/lcd1202.o (strlen)

Allocating common symbols
Common symbol       size              file

USART_ClockInitStruct
                    0x8               ./src/main.o
chip8_cpu           0x38              ./src/chip8/chip8.o
btn_old_state       0xa               ./src/main.o
timer               0x4               ./src/main.o
running             0x1               ./src/chip8/chip8.o
update_lcd          0x1               ./src/main.o
SysTickDelay        0x4               ./src/main.o
lcd_flags           0x4               ./src/lcd1202/lcd1202.o
memory              0x1000            ./src/chip8/chip8.o
select_b            0x1               ./src/main.o
current             0x1               ./src/main.o
drawFlag            0x1               ./src/chip8/chip8.o
disp_string         0x4               ./src/main.o
btn_state           0xa               ./src/main.o
key                 0x10              ./src/chip8/chip8.o
GPIO_InitStructure  0x4               ./src/main.o
USART_InitStructure
                    0x10              ./src/main.o
press               0x1               ./src/main.o
beep                0x1               ./src/chip8/chip8.o
NVIC_InitStructure  0x4               ./src/main.o
EXTI_InitStructure  0x8               ./src/main.o
gfx                 0x800             ./src/chip8/chip8.o

Discarded input sections

 .text          0x00000000        0x0 ./src/main.o
 .data          0x00000000        0x0 ./src/main.o
 .bss           0x00000000        0x0 ./src/main.o
 .rodata.chip8_fontset
                0x00000000       0x50 ./src/main.o
 .text          0x00000000        0x0 ./src/lcd1202/lcd1202.o
 .data          0x00000000        0x0 ./src/lcd1202/lcd1202.o
 .bss           0x00000000        0x0 ./src/lcd1202/lcd1202.o
 .rodata.fnt_libera_24x14_bits
                0x00000000      0x348 ./src/lcd1202/lcd1202.o
 .text.lcd_init_gpio
                0x00000000       0x18 ./src/lcd1202/lcd1202.o
 .text.lcd_reverse
                0x00000000       0x58 ./src/lcd1202/lcd1202.o
 .text.lcd_segment_direction
                0x00000000       0x58 ./src/lcd1202/lcd1202.o
 .text.lcd_contrast
                0x00000000       0x58 ./src/lcd1202/lcd1202.o
 .text.lcd_inverse_line
                0x00000000       0x80 ./src/lcd1202/lcd1202.o
 .text.lcd_start_line
                0x00000000       0x54 ./src/lcd1202/lcd1202.o
 .text.lcd_big_char
                0x00000000      0x110 ./src/lcd1202/lcd1202.o
 .text.lcd_big_str
                0x00000000       0x5c ./src/lcd1202/lcd1202.o
 .text.lcd_big_str_center
                0x00000000       0x40 ./src/lcd1202/lcd1202.o
 .text          0x00000000        0x0 ./src/lcd1202/utils.o
 .data          0x00000000        0x0 ./src/lcd1202/utils.o
 .bss           0x00000000        0x0 ./src/lcd1202/utils.o
 .rodata.power10
                0x00000000       0x24 ./src/lcd1202/utils.o
 .text.numericLength
                0x00000000       0x68 ./src/lcd1202/utils.o
 .text.uitoa    0x00000000       0xa0 ./src/lcd1202/utils.o
 .text.itoa     0x00000000       0x48 ./src/lcd1202/utils.o
 .text._encHex  0x00000000       0x30 ./src/lcd1202/utils.o
 .text.uitox    0x00000000      0x160 ./src/lcd1202/utils.o
 .text.crc16    0x00000000       0x68 ./src/lcd1202/utils.o
 .text          0x00000000        0x0 ./src/chip8/chip8.o
 .data          0x00000000        0x0 ./src/chip8/chip8.o
 .bss           0x00000000        0x0 ./src/chip8/chip8.o
 .data.m_w      0x00000000        0x4 ./src/chip8/chip8.o
 .data.m_z      0x00000000        0x4 ./src/chip8/chip8.o
 .text          0x00000000        0x0 ./StdPeripheralDriver/src/misc.o
 .data          0x00000000        0x0 ./StdPeripheralDriver/src/misc.o
 .bss           0x00000000        0x0 ./StdPeripheralDriver/src/misc.o
 .text.NVIC_PriorityGroupConfig
                0x00000000       0x24 ./StdPeripheralDriver/src/misc.o
 .text.NVIC_Init
                0x00000000       0xd8 ./StdPeripheralDriver/src/misc.o
 .text.NVIC_SetVectorTable
                0x00000000       0x2c ./StdPeripheralDriver/src/misc.o
 .text.NVIC_SystemLPConfig
                0x00000000       0x44 ./StdPeripheralDriver/src/misc.o
 .text.SysTick_CLKSourceConfig
                0x00000000       0x38 ./StdPeripheralDriver/src/misc.o
 .text          0x00000000        0x0 ./StdPeripheralDriver/src/stm32f10x_adc.o
 .data          0x00000000        0x0 ./StdPeripheralDriver/src/stm32f10x_adc.o
 .bss           0x00000000        0x0 ./StdPeripheralDriver/src/stm32f10x_adc.o
[...]
Memory Configuration

Name             Origin             Length             Attributes
FLASH            0x08000000         0x00020000         xr
RAM              0x20000000         0x00002000         xrw
*default*        0x00000000         0xffffffff

Linker script and memory map

LOAD ./src/main.o
LOAD ./src/lcd1202/lcd1202.o
LOAD ./src/lcd1202/utils.o
LOAD ./src/chip8/chip8.o
LOAD ./StdPeripheralDriver/src/misc.o
LOAD ./StdPeripheralDriver/src/stm32f10x_adc.o
LOAD ./StdPeripheralDriver/src/stm32f10x_bkp.o
LOAD ./StdPeripheralDriver/src/stm32f10x_can.o
LOAD ./StdPeripheralDriver/src/stm32f10x_cec.o
LOAD ./StdPeripheralDriver/src/stm32f10x_crc.o
LOAD ./StdPeripheralDriver/src/stm32f10x_dac.o
LOAD ./StdPeripheralDriver/src/stm32f10x_dbgmcu.o
LOAD ./StdPeripheralDriver/src/stm32f10x_dma.o
LOAD ./StdPeripheralDriver/src/stm32f10x_exti.o
LOAD ./StdPeripheralDriver/src/stm32f10x_flash.o
LOAD ./StdPeripheralDriver/src/stm32f10x_fsmc.o
LOAD ./StdPeripheralDriver/src/stm32f10x_gpio.o
LOAD ./StdPeripheralDriver/src/stm32f10x_i2c.o
LOAD ./StdPeripheralDriver/src/stm32f10x_iwdg.o
LOAD ./StdPeripheralDriver/src/stm32f10x_pwr.o
LOAD ./StdPeripheralDriver/src/stm32f10x_rcc.o
LOAD ./StdPeripheralDriver/src/stm32f10x_rtc.o
LOAD ./StdPeripheralDriver/src/stm32f10x_sdio.o
LOAD ./StdPeripheralDriver/src/stm32f10x_spi.o
LOAD ./StdPeripheralDriver/src/stm32f10x_tim.o
LOAD ./StdPeripheralDriver/src/stm32f10x_usart.o
LOAD ./StdPeripheralDriver/src/stm32f10x_wwdg.o
LOAD ./CMSIS/core_cm3.o
LOAD ./CMSIS/startup_stm32f10x_md_vl.o
LOAD ./CMSIS/stm32f10x_it.o
LOAD ./CMSIS/system_stm32f10x.o
START GROUP
LOAD /usr/bin/../lib/gcc/arm-none-eabi/4.5.2/thumb2/libgcc.a
LOAD /usr/bin/../lib/gcc/arm-none-eabi/4.5.2/../../../../arm-none-eabi/lib/thumb2/libc.a
END GROUP
                0x20002000                _estack = 0x20002000
                0x00000000                MIN_HEAP_SIZE = 0x0
                0x00000100                MIN_STACK_SIZE = 0x100

.isr_vector     0x08000000      0x1d0
                0x08000000                . = ALIGN (0x4)
 *(.isr_vector)
 .isr_vector    0x08000000      0x1d0 ./CMSIS/startup_stm32f10x_md_vl.o
                0x08000000                g_pfnVectors
                0x080001d0                . = ALIGN (0x4)

.text           0x080001d0     0x5fd0
                0x080001d0                . = ALIGN (0x4)
 *(.text)
 .text          0x080001d0      0x150 /usr/bin/../lib/gcc/arm-none-eabi/4.5.2/../../../../arm-none-eabi/lib/thumb2/libc.a(lib_a-memcpy.o)
                0x080001d0                memcpy
 .text          0x08000320       0xb4 /usr/bin/../lib/gcc/arm-none-eabi/4.5.2/../../../../arm-none-eabi/lib/thumb2/libc.a(lib_a-memset.o)
                0x08000320                memset
 .text          0x080003d4       0x60 /usr/bin/../lib/gcc/arm-none-eabi/4.5.2/../../../../arm-none-eabi/lib/thumb2/libc.a(lib_a-strlen.o)
                0x080003d4                strlen
 *(.text*)
 .text.NVIC_EnableIRQ
                0x08000434       0x34 ./src/main.o
 .text.NVIC_SetPriority
                0x08000468       0x58 ./src/main.o
 .text.SysTick_Config
                0x080004c0       0x54 ./src/main.o
 .text.EnableExti
                0x08000514       0x38 ./src/main.o
                0x08000514                EnableExti
 .text.initButtons
                0x0800054c      0x178 ./src/main.o
                0x0800054c                initButtons
 .text.main     0x080006c4      0x33c ./src/main.o
                0x080006c4                main
 .text.update_controll_button
                0x08000a00      0x158 ./src/main.o
                0x08000a00                update_controll_button
 .text.update_game_button
                0x08000b58      0x12c ./src/main.o
                0x08000b58                update_game_button
 .text.SysTick_Worker
                0x08000c84       0x34 ./src/main.o
                0x08000c84                SysTick_Worker
 .text.delay_ms
                0x08000cb8       0x28 ./src/main.o
                0x08000cb8                delay_ms
 .text.lcd_reset
                0x08000ce0        0xc ./src/lcd1202/lcd1202.o
 .text.lcd_write_byte
                0x08000cec       0x8c ./src/lcd1202/lcd1202.o
 .text.lcd_init
                0x08000d78       0x94 ./src/lcd1202/lcd1202.o
                0x08000d78                lcd_init
 .text.lcd_clr  0x08000e0c       0x70 ./src/lcd1202/lcd1202.o
                0x08000e0c                lcd_clr
 .text.lcd_column_direction
                0x08000e7c       0x58 ./src/lcd1202/lcd1202.o
                0x08000e7c                lcd_column_direction
 .text.lcd_home
                0x08000ed4       0x50 ./src/lcd1202/lcd1202.o
                0x08000ed4                lcd_home
 .text.lcd_char
                0x08000f24      0x150 ./src/lcd1202/lcd1202.o
                0x08000f24                lcd_char
 .text.lcd_str  0x08001074       0x64 ./src/lcd1202/lcd1202.o
                0x08001074                lcd_str
 .text.lcd_str_center
                0x080010d8       0x40 ./src/lcd1202/lcd1202.o
                0x080010d8                lcd_str_center
 .text.lcd_image
                0x08001118       0xec ./src/lcd1202/lcd1202.o
                0x08001118                lcd_image
 .text.lcd_update
                0x08001204       0x28 ./src/lcd1202/lcd1202.o
                0x08001204                lcd_update
 .text.lcd_pixel
                0x0800122c       0xe4 ./src/lcd1202/lcd1202.o
                0x0800122c                lcd_pixel
 .text.xor128   0x08001310       0x70 ./src/chip8/chip8.o
                0x08001310                xor128
 .text.op_system
                0x08001380       0x80 ./src/chip8/chip8.o
 .text.op_jmp   0x08001400       0x20 ./src/chip8/chip8.o
 .text.op_call  0x08001420       0x4c ./src/chip8/chip8.o
 .text.op_skeq_const
                0x0800146c       0x44 ./src/chip8/chip8.o
 .text.op_skne_const
                0x080014b0       0x44 ./src/chip8/chip8.o
 .text.op_skeq_reg
                0x080014f4       0x4c ./src/chip8/chip8.o
 .text.op_mov_const
                0x08001540       0x2c ./src/chip8/chip8.o
 .text.op_add_const
                0x0800156c       0x40 ./src/chip8/chip8.o
 .text.op_skne_reg
                0x080015ac       0x4c ./src/chip8/chip8.o
 .text.op_mvi   0x080015f8       0x20 ./src/chip8/chip8.o
 .text.op_jmi   0x08001618       0x28 ./src/chip8/chip8.o
 .text.op_rand  0x08001640       0x38 ./src/chip8/chip8.o
 .text.op_sprite
                0x08001678      0x118 ./src/chip8/chip8.o
 .text.op_key   0x08001790       0x80 ./src/chip8/chip8.o
 .text.op_misc  0x08001810      0x26c ./src/chip8/chip8.o
 .text.math_mov
                0x08001a7c       0x1c ./src/chip8/chip8.o
 .text.math_or  0x08001a98       0x28 ./src/chip8/chip8.o
 .text.math_and
                0x08001ac0       0x28 ./src/chip8/chip8.o
 .text.math_xor
                0x08001ae8       0x28 ./src/chip8/chip8.o
 .text.math_add
                0x08001b10       0x40 ./src/chip8/chip8.o
 .text.math_sub
                0x08001b50       0x44 ./src/chip8/chip8.o
 .text.math_shr
                0x08001b94       0x38 ./src/chip8/chip8.o
 .text.math_rsb
                0x08001bcc       0x44 ./src/chip8/chip8.o
 .text.math_nop
                0x08001c10       0x18 ./src/chip8/chip8.o
 .text.math_shl
                0x08001c28       0x38 ./src/chip8/chip8.o
 .text.init8    0x08001c60      0x148 ./src/chip8/chip8.o
                0x08001c60                init8
 .text.op_math  0x08001da8       0x4c ./src/chip8/chip8.o
 .text.emulateCycle
                0x08001df4       0xdc ./src/chip8/chip8.o
                0x08001df4                emulateCycle
 .text.loadApplication
                0x08001ed0       0x28 ./src/chip8/chip8.o
                0x08001ed0                loadApplication
 .text.EXTI_Init
                0x08001ef8       0xfc ./StdPeripheralDriver/src/stm32f10x_exti.o
                0x08001ef8                EXTI_Init
 .text.EXTI_GetITStatus
                0x08001ff4       0x54 ./StdPeripheralDriver/src/stm32f10x_exti.o
                0x08001ff4                EXTI_GetITStatus
 .text.EXTI_ClearITPendingBit
                0x08002048       0x1c ./StdPeripheralDriver/src/stm32f10x_exti.o
                0x08002048                EXTI_ClearITPendingBit
 .text.GPIO_Init
                0x08002064      0x1c0 ./StdPeripheralDriver/src/stm32f10x_gpio.o
                0x08002064                GPIO_Init
 .text.GPIO_ReadInputDataBit
                0x08002224       0x3c ./StdPeripheralDriver/src/stm32f10x_gpio.o
                0x08002224                GPIO_ReadInputDataBit
 .text.GPIO_SetBits
                0x08002260       0x1c ./StdPeripheralDriver/src/stm32f10x_gpio.o
                0x08002260                GPIO_SetBits
 .text.GPIO_ResetBits
                0x0800227c       0x1c ./StdPeripheralDriver/src/stm32f10x_gpio.o
                0x0800227c                GPIO_ResetBits
 .text.GPIO_PinRemapConfig
                0x08002298      0x104 ./StdPeripheralDriver/src/stm32f10x_gpio.o
                0x08002298                GPIO_PinRemapConfig
 .text.GPIO_EXTILineConfig
                0x0800239c       0x9c ./StdPeripheralDriver/src/stm32f10x_gpio.o
                0x0800239c                GPIO_EXTILineConfig
 .text.RCC_APB2PeriphClockCmd
                0x08002438       0x44 ./StdPeripheralDriver/src/stm32f10x_rcc.o
                0x08002438                RCC_APB2PeriphClockCmd
 .text.RCC_APB1PeriphClockCmd
                0x0800247c       0x44 ./StdPeripheralDriver/src/stm32f10x_rcc.o
                0x0800247c                RCC_APB1PeriphClockCmd
 .text.Reset_Handler
                0x080024c0       0x44 ./CMSIS/startup_stm32f10x_md_vl.o
                0x080024c0                Reset_Handler
 .text.Default_Handler
                0x08002504        0x2 ./CMSIS/startup_stm32f10x_md_vl.o
                0x08002504                TIM1_CC_IRQHandler
                0x08002504                PVD_IRQHandler
                0x08002504                EXTI0_IRQHandler
                0x08002504                I2C2_EV_IRQHandler
                0x08002504                TIM1_UP_TIM16_IRQHandler
                0x08002504                SPI1_IRQHandler
                0x08002504                TAMPER_IRQHandler
                0x08002504                TIM6_DAC_IRQHandler
                0x08002504                DMA1_Channel4_IRQHandler
                0x08002504                ADC1_IRQHandler
                0x08002504                USART3_IRQHandler
                0x08002504                RTC_IRQHandler
                0x08002504                DMA1_Channel7_IRQHandler
                0x08002504                TIM4_IRQHandler
                0x08002504                I2C1_EV_IRQHandler
                0x08002504                DMA1_Channel6_IRQHandler
                0x08002504                TIM3_IRQHandler
                0x08002504                RCC_IRQHandler
                0x08002504                DMA1_Channel1_IRQHandler
                0x08002504                Default_Handler
                0x08002504                CEC_IRQHandler
                0x08002504                TIM7_IRQHandler
                0x08002504                SPI2_IRQHandler
                0x08002504                DMA1_Channel5_IRQHandler
                0x08002504                TIM1_TRG_COM_TIM17_IRQHandler
                0x08002504                DMA1_Channel3_IRQHandler
                0x08002504                WWDG_IRQHandler
                0x08002504                TIM2_IRQHandler
                0x08002504                EXTI1_IRQHandler
                0x08002504                RTCAlarm_IRQHandler
                0x08002504                USART2_IRQHandler
                0x08002504                I2C2_ER_IRQHandler
                0x08002504                DMA1_Channel2_IRQHandler
                0x08002504                FLASH_IRQHandler
                0x08002504                USART1_IRQHandler
                0x08002504                I2C1_ER_IRQHandler
                0x08002504                TIM1_BRK_TIM15_IRQHandler
 *fill*         0x08002506        0x2 00
 .text.NMI_Handler
                0x08002508        0xc ./CMSIS/stm32f10x_it.o
                0x08002508                NMI_Handler
 .text.HardFault_Handler
                0x08002514        0x8 ./CMSIS/stm32f10x_it.o
                0x08002514                HardFault_Handler
 .text.MemManage_Handler
                0x0800251c        0x8 ./CMSIS/stm32f10x_it.o
                0x0800251c                MemManage_Handler
 .text.BusFault_Handler
                0x08002524        0x8 ./CMSIS/stm32f10x_it.o
                0x08002524                BusFault_Handler
 .text.UsageFault_Handler
                0x0800252c        0x8 ./CMSIS/stm32f10x_it.o
                0x0800252c                UsageFault_Handler
 .text.SVC_Handler
                0x08002534        0xc ./CMSIS/stm32f10x_it.o
                0x08002534                SVC_Handler
 .text.DebugMon_Handler
                0x08002540        0xc ./CMSIS/stm32f10x_it.o
                0x08002540                DebugMon_Handler
 .text.PendSV_Handler
                0x0800254c        0xc ./CMSIS/stm32f10x_it.o
                0x0800254c                PendSV_Handler
 .text.SysTick_Handler
                0x08002558        0xc ./CMSIS/stm32f10x_it.o
                0x08002558                SysTick_Handler
 .text.EXTI2_IRQHandler
                0x08002564       0x3c ./CMSIS/stm32f10x_it.o
                0x08002564                EXTI2_IRQHandler
 .text.EXTI3_IRQHandler
                0x080025a0       0x4c ./CMSIS/stm32f10x_it.o
                0x080025a0                EXTI3_IRQHandler
 .text.EXTI4_IRQHandler
                0x080025ec       0x4c ./CMSIS/stm32f10x_it.o
                0x080025ec                EXTI4_IRQHandler
 .text.EXTI9_5_IRQHandler
                0x08002638      0x114 ./CMSIS/stm32f10x_it.o
                0x08002638                EXTI9_5_IRQHandler
 .text.EXTI15_10_IRQHandler
                0x0800274c       0x7c ./CMSIS/stm32f10x_it.o
                0x0800274c                EXTI15_10_IRQHandler
 .text.SystemInit
                0x080027c8       0x70 ./CMSIS/system_stm32f10x.o
                0x080027c8                SystemInit
 .text.SetSysClock
                0x08002838        0xc ./CMSIS/system_stm32f10x.o
 .text.SetSysClockTo24
                0x08002844       0xdc ./CMSIS/system_stm32f10x.o
 *(.rodata)
 .rodata        0x08002920       0xd8 ./src/main.o
 .rodata        0x080029f8      0x134 ./CMSIS/stm32f10x_it.o
 *(.rodata*)
 .rodata.CHIP8  0x08002b2c      0x300 ./src/main.o
 .rodata.BAW    0x08002e2c      0x300 ./src/main.o
 .rodata.TETRIS
                0x0800312c      0x1f0 ./src/main.o
 .rodata.VERS   0x0800331c       0xe8 ./src/main.o
 .rodata.GUESS  0x08003404       0x98 ./src/main.o
 .rodata.WALL   0x0800349c       0xe8 ./src/main.o
 .rodata.HIDDEN
                0x08003584      0x354 ./src/main.o
 .rodata.MAZE   0x080038d8       0x28 ./src/main.o
 .rodata.BRIX   0x08003900      0x118 ./src/main.o
 .rodata.WIPEOFF
                0x08003a18       0xd0 ./src/main.o
 .rodata.VBRIX  0x08003ae8      0x1fc ./src/main.o
 .rodata.INVADERS
                0x08003ce4      0x518 ./src/main.o
 .rodata.PONG2  0x080041fc      0x128 ./src/main.o
 .rodata.TICTAC
                0x08004324      0x1e8 ./src/main.o
 .rodata.MERLIN
                0x0800450c      0x15c ./src/main.o
 .rodata.BLINKY
                0x08004668      0x934 ./src/main.o
 .rodata.BLITZ  0x08004f9c      0x188 ./src/main.o
 .rodata.PUZZLE15
                0x08005124      0x108 ./src/main.o
 .rodata.TANK   0x0800522c      0x230 ./src/main.o
 .rodata.PUZZLE
                0x0800545c       0xb8 ./src/main.o
 .rodata.CONNECT4
                0x08005514       0xc4 ./src/main.o
 .rodata.BREAKOUT
                0x080055d8      0x118 ./src/main.o
 .rodata.SYZYGY
                0x080056f0      0x3b4 ./src/main.o
 .rodata.KALEID
                0x08005aa4       0x78 ./src/main.o
 .rodata.SQUASH
                0x08005b1c       0xd4 ./src/main.o
 .rodata.menu_cursor
                0x08005bf0        0x4 ./src/main.o
 .rodata.prog_size
                0x08005bf4       0x5c ./src/main.o
 .rodata.font5x8
                0x08005c50      0x500 ./src/lcd1202/lcd1202.o
                0x08005c50                font5x8
 .rodata.chip8_fontset
                0x08006150       0x50 ./src/chip8/chip8.o
 *(.glue_7)
 .glue_7        0x00000000        0x0 linker stubs
 *(.glue_7t)
 .glue_7t       0x00000000        0x0 linker stubs
 *(.init)
 *(.fini)
                0x080061a0                . = ALIGN (0x4)
                0x080061a0                _etext = .

.vfp11_veneer   0x080061a0        0x0
 .vfp11_veneer  0x00000000        0x0 linker stubs

.v4_bx          0x080061a0        0x0
 .v4_bx         0x00000000        0x0 linker stubs

.ARM.extab
 *(.ARM.extab* .gnu.linkonce.armextab.*)

.ARM            0x080061a0        0x0
                0x080061a0                __exidx_start = .
 *(.ARM.exidx*)
                0x080061a0                __exidx_end = .

.ARM.attributes
                0x080061a0       0x2f
 *(.ARM.attributes)
 .ARM.attributes
                0x080061a0       0x31 ./src/main.o
 .ARM.attributes
                0x080061d1       0x31 ./src/lcd1202/lcd1202.o
 .ARM.attributes
                0x08006202       0x31 ./src/lcd1202/utils.o
 .ARM.attributes
                0x08006233       0x31 ./src/chip8/chip8.o
 .ARM.attributes
                0x08006264       0x31 ./StdPeripheralDriver/src/misc.o
 .ARM.attributes
                0x08006295       0x31 ./StdPeripheralDriver/src/stm32f10x_adc.o
 .ARM.attributes
                0x080062c6       0x31 ./StdPeripheralDriver/src/stm32f10x_bkp.o
 .ARM.attributes
                0x080062f7       0x31 ./StdPeripheralDriver/src/stm32f10x_can.o
 .ARM.attributes
                0x08006328       0x31 ./StdPeripheralDriver/src/stm32f10x_cec.o
 .ARM.attributes
                0x08006359       0x31 ./StdPeripheralDriver/src/stm32f10x_crc.o
 .ARM.attributes
                0x0800638a       0x31 ./StdPeripheralDriver/src/stm32f10x_dac.o
 .ARM.attributes
                0x080063bb       0x31 ./StdPeripheralDriver/src/stm32f10x_dbgmcu.o
 .ARM.attributes
                0x080063ec       0x31 ./StdPeripheralDriver/src/stm32f10x_dma.o
 .ARM.attributes
                0x0800641d       0x31 ./StdPeripheralDriver/src/stm32f10x_exti.o
 .ARM.attributes
                0x0800644e       0x31 ./StdPeripheralDriver/src/stm32f10x_flash.o
 .ARM.attributes
                0x0800647f       0x31 ./StdPeripheralDriver/src/stm32f10x_fsmc.o
 .ARM.attributes
                0x080064b0       0x31 ./StdPeripheralDriver/src/stm32f10x_gpio.o
 .ARM.attributes
                0x080064e1       0x31 ./StdPeripheralDriver/src/stm32f10x_i2c.o
 .ARM.attributes
                0x08006512       0x31 ./StdPeripheralDriver/src/stm32f10x_iwdg.o
 .ARM.attributes
                0x08006543       0x31 ./StdPeripheralDriver/src/stm32f10x_pwr.o
 .ARM.attributes
                0x08006574       0x31 ./StdPeripheralDriver/src/stm32f10x_rcc.o
 .ARM.attributes
                0x080065a5       0x31 ./StdPeripheralDriver/src/stm32f10x_rtc.o
 .ARM.attributes
                0x080065d6       0x31 ./StdPeripheralDriver/src/stm32f10x_sdio.o
 .ARM.attributes
                0x08006607       0x31 ./StdPeripheralDriver/src/stm32f10x_spi.o
 .ARM.attributes
                0x08006638       0x31 ./StdPeripheralDriver/src/stm32f10x_tim.o
 .ARM.attributes
                0x08006669       0x31 ./StdPeripheralDriver/src/stm32f10x_usart.o
 .ARM.attributes
                0x0800669a       0x31 ./StdPeripheralDriver/src/stm32f10x_wwdg.o
 .ARM.attributes
                0x080066cb       0x31 ./CMSIS/core_cm3.o
 .ARM.attributes
                0x080066fc       0x21 ./CMSIS/startup_stm32f10x_md_vl.o
 .ARM.attributes
                0x0800671d       0x31 ./CMSIS/stm32f10x_it.o
 .ARM.attributes
                0x0800674e       0x31 ./CMSIS/system_stm32f10x.o
 .ARM.attributes
                0x0800677f       0x29 /usr/bin/../lib/gcc/arm-none-eabi/4.5.2/../../../../arm-none-eabi/lib/thumb2/libc.a(lib_a-memcpy.o)
 .ARM.attributes
                0x080067a8       0x29 /usr/bin/../lib/gcc/arm-none-eabi/4.5.2/../../../../arm-none-eabi/lib/thumb2/libc.a(lib_a-memset.o)
 .ARM.attributes
                0x080067d1       0x29 /usr/bin/../lib/gcc/arm-none-eabi/4.5.2/../../../../arm-none-eabi/lib/thumb2/libc.a(lib_a-strlen.o)

.preinit_array  0x080067fa        0x0
                0x080067fa                PROVIDE (__preinit_array_start, .)
 *(.preinit_array*)
                0x080067fa                PROVIDE (__preinit_array_end, .)

.init_array     0x080067fa        0x0
                0x080067fa                PROVIDE (__init_array_start, .)
 *(SORT(.init_array.*))
 *(.init_array*)
                0x080067fa                PROVIDE (__init_array_end, .)

.fini_array     0x080067fa        0x0
                0x080067fa                PROVIDE (__fini_array_start, .)
 *(.fini_array*)
 *(SORT(.fini_array.*))
                0x080067fa                PROVIDE (__fini_array_end, .)
                0x080067fa                _sidata = .

.data           0x20000000      0x154 load address 0x080067fa
                0x20000000                . = ALIGN (0x4)
                0x20000000                _sdata = .
 *(.data)
 *(.data*)
 .data.prog_table
                0x20000000       0x5c ./src/main.o
 .data.menu_table
                0x2000005c       0x5c ./src/main.o
 .data.test     0x200000b8        0x8 ./src/main.o
                0x200000b8                test
 .data.math_opcodes
                0x200000c0       0x40 ./src/chip8/chip8.o
 .data.main_opcodes
                0x20000100       0x40 ./src/chip8/chip8.o
 .data.x.4299   0x20000140        0x4 ./src/chip8/chip8.o
 .data.y.4300   0x20000144        0x4 ./src/chip8/chip8.o
 .data.z.4301   0x20000148        0x4 ./src/chip8/chip8.o
 .data.w.4302   0x2000014c        0x4 ./src/chip8/chip8.o
 .data.SystemCoreClock
                0x20000150        0x4 ./CMSIS/system_stm32f10x.o
                0x20000150                SystemCoreClock
                0x20000154                . = ALIGN (0x4)
                0x20000154                _edata = .
                0x20000154                . = ALIGN (0x4)

.bss            0x20000154     0x1bb0 load address 0x0800694e
                0x20000154                _sbss = .
                0x20000154                __bss_start__ = _sbss
 *(.bss)
 *(.bss*)
 .bss.LcdCache  0x20000154      0x300 ./src/lcd1202/lcd1202.o
 *(COMMON)
 COMMON         0x20000454       0x58 ./src/main.o
                0x20000454                USART_ClockInitStruct
                0x2000045c                btn_old_state
                0x20000468                timer
                0x2000046c                update_lcd
                0x20000470                SysTickDelay
                0x20000474                select_b
                0x20000475                current
                0x20000478                disp_string
                0x2000047c                btn_state
                0x20000488                GPIO_InitStructure
                0x2000048c                USART_InitStructure
                0x2000049c                press
                0x200004a0                NVIC_InitStructure
                0x200004a4                EXTI_InitStructure
 COMMON         0x200004ac        0x4 ./src/lcd1202/lcd1202.o
                0x200004ac                lcd_flags
 COMMON         0x200004b0     0x1854 ./src/chip8/chip8.o
                0x200004b0                chip8_cpu
                0x200004e8                running
                0x200004ec                memory
                0x200014ec                drawFlag
                0x200014f0                key
                0x20001500                beep
                0x20001504                gfx
                0x20001d04                . = ALIGN (0x4)
                0x20001d04                _ebss = .
                0x20001d04                __bss_end__ = _ebss
                0x20001d04                PROVIDE (end, _ebss)
                0x20001d04                PROVIDE (_end, _ebss)

._user_heap_stack
                0x20001d04      0x100 load address 0x080084fe
                0x20001d04                . = ALIGN (0x4)
                0x20001d04                . = (. + MIN_HEAP_SIZE)
                0x20001e04                . = (. + MIN_STACK_SIZE)
 *fill*         0x20001d04      0x100 00
                0x20001e04                . = ALIGN (0x4)

/DISCARD/
 libc.a(*)
 libm.a(*)
 libgcc.a(*)
OUTPUT(chip8_stm32_emul.elf elf32-littlearm)

.debug_abbrev   0x00000000     0x2a26
 .debug_abbrev  0x00000000      0x2ae ./src/main.o
 .debug_abbrev  0x000002ae      0x1c8 ./src/lcd1202/lcd1202.o
 .debug_abbrev  0x00000476       0xeb ./src/lcd1202/utils.o
 .debug_abbrev  0x00000561      0x1c8 ./src/chip8/chip8.o
 .debug_abbrev  0x00000729      0x139 ./StdPeripheralDriver/src/misc.o
 .debug_abbrev  0x00000862      0x178 ./StdPeripheralDriver/src/stm32f10x_adc.o
 .debug_abbrev  0x000009da      0x15a ./StdPeripheralDriver/src/stm32f10x_bkp.o
 .debug_abbrev  0x00000b34      0x1b0 ./StdPeripheralDriver/src/stm32f10x_can.o
 .debug_abbrev  0x00000ce4      0x18d ./StdPeripheralDriver/src/stm32f10x_cec.o
 .debug_abbrev  0x00000e71      0x10e ./StdPeripheralDriver/src/stm32f10x_crc.o
 .debug_abbrev  0x00000f7f      0x176 ./StdPeripheralDriver/src/stm32f10x_dac.o
 .debug_abbrev  0x000010f5       0xde ./StdPeripheralDriver/src/stm32f10x_dbgmcu.o
 .debug_abbrev  0x000011d3      0x152 ./StdPeripheralDriver/src/stm32f10x_dma.o
 .debug_abbrev  0x00001325      0x14e ./StdPeripheralDriver/src/stm32f10x_exti.o
 .debug_abbrev  0x00001473      0x166 ./StdPeripheralDriver/src/stm32f10x_flash.o
 .debug_abbrev  0x000015d9      0x16a ./StdPeripheralDriver/src/stm32f10x_fsmc.o
 .debug_abbrev  0x00001743      0x1a8 ./StdPeripheralDriver/src/stm32f10x_gpio.o
 .debug_abbrev  0x000018eb      0x161 ./StdPeripheralDriver/src/stm32f10x_i2c.o
 .debug_abbrev  0x00001a4c       0xfe ./StdPeripheralDriver/src/stm32f10x_iwdg.o
 .debug_abbrev  0x00001b4a      0x188 ./StdPeripheralDriver/src/stm32f10x_pwr.o
 .debug_abbrev  0x00001cd2      0x195 ./StdPeripheralDriver/src/stm32f10x_rcc.o
 .debug_abbrev  0x00001e67      0x16a ./StdPeripheralDriver/src/stm32f10x_rtc.o
 .debug_abbrev  0x00001fd1      0x1a6 ./StdPeripheralDriver/src/stm32f10x_sdio.o
 .debug_abbrev  0x00002177      0x161 ./StdPeripheralDriver/src/stm32f10x_spi.o
 .debug_abbrev  0x000022d8      0x176 ./StdPeripheralDriver/src/stm32f10x_tim.o
 .debug_abbrev  0x0000244e      0x15f ./StdPeripheralDriver/src/stm32f10x_usart.o
 .debug_abbrev  0x000025ad       0xfc ./StdPeripheralDriver/src/stm32f10x_wwdg.o
 .debug_abbrev  0x000026a9       0xd9 ./CMSIS/core_cm3.o
 .debug_abbrev  0x00002782       0x12 ./CMSIS/startup_stm32f10x_md_vl.o
 .debug_abbrev  0x00002794      0x110 ./CMSIS/stm32f10x_it.o
 .debug_abbrev  0x000028a4      0x182 ./CMSIS/system_stm32f10x.o

.debug_info     0x00000000     0xe8f5
 .debug_info    0x00000000     0x113a ./src/main.o
 .debug_info    0x0000113a      0x82f ./src/lcd1202/lcd1202.o
 .debug_info    0x00001969      0x2a6 ./src/lcd1202/utils.o
 .debug_info    0x00001c0f      0x955 ./src/chip8/chip8.o
 .debug_info    0x00002564      0x54e ./StdPeripheralDriver/src/misc.o
 .debug_info    0x00002ab2      0xc16 ./StdPeripheralDriver/src/stm32f10x_adc.o
 .debug_info    0x000036c8      0x881 ./StdPeripheralDriver/src/stm32f10x_bkp.o
 .debug_info    0x00003f49      0xc5f ./StdPeripheralDriver/src/stm32f10x_can.o
 .debug_info    0x00004ba8      0x444 ./StdPeripheralDriver/src/stm32f10x_cec.o
 .debug_info    0x00004fec      0x208 ./StdPeripheralDriver/src/stm32f10x_crc.o
 .debug_info    0x000051f4      0x679 ./StdPeripheralDriver/src/stm32f10x_dac.o
 .debug_info    0x0000586d      0x162 ./StdPeripheralDriver/src/stm32f10x_dbgmcu.o
 .debug_info    0x000059cf      0x4aa ./StdPeripheralDriver/src/stm32f10x_dma.o
 .debug_info    0x00005e79      0x369 ./StdPeripheralDriver/src/stm32f10x_exti.o
 .debug_info    0x000061e2      0x821 ./StdPeripheralDriver/src/stm32f10x_flash.o
 .debug_info    0x00006a03      0x9a1 ./StdPeripheralDriver/src/stm32f10x_fsmc.o
 .debug_info    0x000073a4      0x72b ./StdPeripheralDriver/src/stm32f10x_gpio.o
 .debug_info    0x00007acf      0xb9c ./StdPeripheralDriver/src/stm32f10x_i2c.o
 .debug_info    0x0000866b      0x208 ./StdPeripheralDriver/src/stm32f10x_iwdg.o
 .debug_info    0x00008873      0x463 ./StdPeripheralDriver/src/stm32f10x_pwr.o
 .debug_info    0x00008cd6      0x97e ./StdPeripheralDriver/src/stm32f10x_rcc.o
 .debug_info    0x00009654      0x472 ./StdPeripheralDriver/src/stm32f10x_rtc.o
 .debug_info    0x00009ac6      0x897 ./StdPeripheralDriver/src/stm32f10x_sdio.o
 .debug_info    0x0000a35d      0x979 ./StdPeripheralDriver/src/stm32f10x_spi.o
 .debug_info    0x0000acd6     0x1e20 ./StdPeripheralDriver/src/stm32f10x_tim.o
 .debug_info    0x0000caf6      0xa74 ./StdPeripheralDriver/src/stm32f10x_usart.o
 .debug_info    0x0000d56a      0x23d ./StdPeripheralDriver/src/stm32f10x_wwdg.o
 .debug_info    0x0000d7a7      0x550 ./CMSIS/core_cm3.o
 .debug_info    0x0000dcf7       0x83 ./CMSIS/startup_stm32f10x_md_vl.o
 .debug_info    0x0000dd7a      0x740 ./CMSIS/stm32f10x_it.o
 .debug_info    0x0000e4ba      0x43b ./CMSIS/system_stm32f10x.o

.debug_line     0x00000000     0x78d9
 .debug_line    0x00000000      0x449 ./src/main.o
 .debug_line    0x00000449      0x6d1 ./src/lcd1202/lcd1202.o
 .debug_line    0x00000b1a      0x1d8 ./src/lcd1202/utils.o
 .debug_line    0x00000cf2      0x5a6 ./src/chip8/chip8.o
 .debug_line    0x00001298      0x269 ./StdPeripheralDriver/src/misc.o
 .debug_line    0x00001501      0x552 ./StdPeripheralDriver/src/stm32f10x_adc.o
 .debug_line    0x00001a53      0x300 ./StdPeripheralDriver/src/stm32f10x_bkp.o
 .debug_line    0x00001d53      0x59a ./StdPeripheralDriver/src/stm32f10x_can.o
 .debug_line    0x000022ed      0x340 ./StdPeripheralDriver/src/stm32f10x_cec.o
 .debug_line    0x0000262d      0x299 ./StdPeripheralDriver/src/stm32f10x_crc.o
 .debug_line    0x000028c6      0x384 ./StdPeripheralDriver/src/stm32f10x_dac.o
 .debug_line    0x00002c4a      0x257 ./StdPeripheralDriver/src/stm32f10x_dbgmcu.o
 .debug_line    0x00002ea1      0x332 ./StdPeripheralDriver/src/stm32f10x_dma.o
 .debug_line    0x000031d3      0x2bf ./StdPeripheralDriver/src/stm32f10x_exti.o
 .debug_line    0x00003492      0x508 ./StdPeripheralDriver/src/stm32f10x_flash.o
 .debug_line    0x0000399a      0x482 ./StdPeripheralDriver/src/stm32f10x_fsmc.o
 .debug_line    0x00003e1c      0x3c9 ./StdPeripheralDriver/src/stm32f10x_gpio.o
 .debug_line    0x000041e5      0x4f3 ./StdPeripheralDriver/src/stm32f10x_i2c.o
 .debug_line    0x000046d8      0x28b ./StdPeripheralDriver/src/stm32f10x_iwdg.o
 .debug_line    0x00004963      0x2f6 ./StdPeripheralDriver/src/stm32f10x_pwr.o
 .debug_line    0x00004c59      0x4f0 ./StdPeripheralDriver/src/stm32f10x_rcc.o
 .debug_line    0x00005149      0x344 ./StdPeripheralDriver/src/stm32f10x_rtc.o
 .debug_line    0x0000548d      0x47a ./StdPeripheralDriver/src/stm32f10x_sdio.o
 .debug_line    0x00005907      0x43e ./StdPeripheralDriver/src/stm32f10x_spi.o
 .debug_line    0x00005d45      0xabd ./StdPeripheralDriver/src/stm32f10x_tim.o
 .debug_line    0x00006802      0x4a1 ./StdPeripheralDriver/src/stm32f10x_usart.o
 .debug_line    0x00006ca3      0x2b2 ./StdPeripheralDriver/src/stm32f10x_wwdg.o
 .debug_line    0x00006f55      0x276 ./CMSIS/core_cm3.o
 .debug_line    0x000071cb       0x77 ./CMSIS/startup_stm32f10x_md_vl.o
 .debug_line    0x00007242      0x3f1 ./CMSIS/stm32f10x_it.o
 .debug_line    0x00007633      0x2a6 ./CMSIS/system_stm32f10x.o

.debug_macinfo  0x00000000   0x662cae
 .debug_macinfo
                0x00000000    0x3c247 ./src/main.o
 .debug_macinfo
                0x0003c247    0x3e136 ./src/lcd1202/lcd1202.o
 .debug_macinfo
                0x0007a37d     0x3bba ./src/lcd1202/utils.o
 .debug_macinfo
                0x0007df37     0x4176 ./src/chip8/chip8.o
 .debug_macinfo
                0x000820ad    0x3b00d ./StdPeripheralDriver/src/misc.o
 .debug_macinfo
                0x000bd0ba    0x3d7dc ./StdPeripheralDriver/src/stm32f10x_adc.o
 .debug_macinfo
                0x000fa896    0x3bd8b ./StdPeripheralDriver/src/stm32f10x_bkp.o
 .debug_macinfo
                0x00136621    0x3ce06 ./StdPeripheralDriver/src/stm32f10x_can.o
 .debug_macinfo
                0x00173427    0x3b921 ./StdPeripheralDriver/src/stm32f10x_cec.o
 .debug_macinfo
                0x001aed48    0x3aff6 ./StdPeripheralDriver/src/stm32f10x_crc.o
 .debug_macinfo
                0x001e9d3e    0x3c234 ./StdPeripheralDriver/src/stm32f10x_dac.o
 .debug_macinfo
                0x00225f72    0x3b4cc ./StdPeripheralDriver/src/stm32f10x_dbgmcu.o
 .debug_macinfo
                0x0026143e    0x3d8dc ./StdPeripheralDriver/src/stm32f10x_dma.o
 .debug_macinfo
                0x0029ed1a    0x3b005 ./StdPeripheralDriver/src/stm32f10x_exti.o
 .debug_macinfo
                0x002d9d1f    0x3cb1e ./StdPeripheralDriver/src/stm32f10x_flash.o
 .debug_macinfo
                0x0031683d    0x3c987 ./StdPeripheralDriver/src/stm32f10x_fsmc.o
 .debug_macinfo
                0x003531c4    0x3b23c ./StdPeripheralDriver/src/stm32f10x_gpio.o
 .debug_macinfo
                0x0038e400    0x3d1f5 ./StdPeripheralDriver/src/stm32f10x_i2c.o
 .debug_macinfo
                0x003cb5f5    0x3b3ed ./StdPeripheralDriver/src/stm32f10x_iwdg.o
 .debug_macinfo
                0x004069e2    0x3b6c4 ./StdPeripheralDriver/src/stm32f10x_pwr.o
 .debug_macinfo
                0x004420a6    0x3b7c6 ./StdPeripheralDriver/src/stm32f10x_rcc.o
 .debug_macinfo
                0x0047d86c    0x3b320 ./StdPeripheralDriver/src/stm32f10x_rtc.o
 .debug_macinfo
                0x004b8b8c    0x3d656 ./StdPeripheralDriver/src/stm32f10x_sdio.o
 .debug_macinfo
                0x004f61e2    0x3cab0 ./StdPeripheralDriver/src/stm32f10x_spi.o
 .debug_macinfo
                0x00532c92    0x3fbda ./StdPeripheralDriver/src/stm32f10x_tim.o
 .debug_macinfo
                0x0057286c    0x3b3f7 ./StdPeripheralDriver/src/stm32f10x_usart.o
 .debug_macinfo
                0x005adc63    0x3b2fc ./StdPeripheralDriver/src/stm32f10x_wwdg.o
 .debug_macinfo
                0x005e8f5f     0x2adb ./CMSIS/core_cm3.o
 .debug_macinfo
                0x005eba3a    0x3c263 ./CMSIS/stm32f10x_it.o
 .debug_macinfo
                0x00627c9d    0x3b011 ./CMSIS/system_stm32f10x.o

.debug_loc      0x00000000     0x7c58
 .debug_loc     0x00000000      0x218 ./src/main.o
 .debug_loc     0x00000218      0x474 ./src/lcd1202/lcd1202.o
 .debug_loc     0x0000068c      0x150 ./src/lcd1202/utils.o
 .debug_loc     0x000007dc      0x690 ./src/chip8/chip8.o
 .debug_loc     0x00000e6c      0x118 ./StdPeripheralDriver/src/misc.o
 .debug_loc     0x00000f84      0x7d4 ./StdPeripheralDriver/src/stm32f10x_adc.o
 .debug_loc     0x00001758      0x264 ./StdPeripheralDriver/src/stm32f10x_bkp.o
 .debug_loc     0x000019bc      0x578 ./StdPeripheralDriver/src/stm32f10x_can.o
 .debug_loc     0x00001f34      0x2ec ./StdPeripheralDriver/src/stm32f10x_cec.o
 .debug_loc     0x00002220      0x12c ./StdPeripheralDriver/src/stm32f10x_crc.o
 .debug_loc     0x0000234c      0x3ac ./StdPeripheralDriver/src/stm32f10x_dac.o
 .debug_loc     0x000026f8       0x90 ./StdPeripheralDriver/src/stm32f10x_dbgmcu.o
 .debug_loc     0x00002788      0x268 ./StdPeripheralDriver/src/stm32f10x_dma.o
 .debug_loc     0x000029f0      0x1b4 ./StdPeripheralDriver/src/stm32f10x_exti.o
 .debug_loc     0x00002ba4      0x5d8 ./StdPeripheralDriver/src/stm32f10x_flash.o
 .debug_loc     0x0000317c      0x41c ./StdPeripheralDriver/src/stm32f10x_fsmc.o
 .debug_loc     0x00003598      0x3e4 ./StdPeripheralDriver/src/stm32f10x_gpio.o
 .debug_loc     0x0000397c      0x738 ./StdPeripheralDriver/src/stm32f10x_i2c.o
 .debug_loc     0x000040b4      0x138 ./StdPeripheralDriver/src/stm32f10x_iwdg.o
 .debug_loc     0x000041ec      0x238 ./StdPeripheralDriver/src/stm32f10x_pwr.o
 .debug_loc     0x00004424      0x714 ./StdPeripheralDriver/src/stm32f10x_rcc.o
 .debug_loc     0x00004b38      0x2e0 ./StdPeripheralDriver/src/stm32f10x_rtc.o
 .debug_loc     0x00004e18      0x648 ./StdPeripheralDriver/src/stm32f10x_sdio.o
 .debug_loc     0x00005460      0x508 ./StdPeripheralDriver/src/stm32f10x_spi.o
 .debug_loc     0x00005968     0x13e8 ./StdPeripheralDriver/src/stm32f10x_tim.o
 .debug_loc     0x00006d50      0x658 ./StdPeripheralDriver/src/stm32f10x_usart.o
 .debug_loc     0x000073a8      0x190 ./StdPeripheralDriver/src/stm32f10x_wwdg.o
 .debug_loc     0x00007538      0x3f0 ./CMSIS/core_cm3.o
 .debug_loc     0x00007928      0x268 ./CMSIS/stm32f10x_it.o
 .debug_loc     0x00007b90       0xc8 ./CMSIS/system_stm32f10x.o

.debug_pubnames
                0x00000000     0x31b4
 .debug_pubnames
                0x00000000      0x189 ./src/main.o
 .debug_pubnames
                0x00000189      0x15d ./src/lcd1202/lcd1202.o
 .debug_pubnames
                0x000002e6       0x57 ./src/lcd1202/utils.o
 .debug_pubnames
                0x0000033d       0xa7 ./src/chip8/chip8.o
 .debug_pubnames
                0x000003e4       0x89 ./StdPeripheralDriver/src/misc.o
 .debug_pubnames
                0x0000046d      0x401 ./StdPeripheralDriver/src/stm32f10x_adc.o
 .debug_pubnames
                0x0000086e      0x128 ./StdPeripheralDriver/src/stm32f10x_bkp.o
 .debug_pubnames
                0x00000996      0x208 ./StdPeripheralDriver/src/stm32f10x_can.o
 .debug_pubnames
                0x00000b9e      0x12b ./StdPeripheralDriver/src/stm32f10x_cec.o
 .debug_pubnames
                0x00000cc9       0x82 ./StdPeripheralDriver/src/stm32f10x_crc.o
 .debug_pubnames
                0x00000d4b      0x17d ./StdPeripheralDriver/src/stm32f10x_dac.o
 .debug_pubnames
                0x00000ec8       0x4c ./StdPeripheralDriver/src/stm32f10x_dbgmcu.o
 .debug_pubnames
                0x00000f14       0xea ./StdPeripheralDriver/src/stm32f10x_dma.o
 .debug_pubnames
                0x00000ffe       0xbb ./StdPeripheralDriver/src/stm32f10x_exti.o
 .debug_pubnames
                0x000010b9      0x2f2 ./StdPeripheralDriver/src/stm32f10x_flash.o
 .debug_pubnames
                0x000013ab      0x1a3 ./StdPeripheralDriver/src/stm32f10x_fsmc.o
 .debug_pubnames
                0x0000154e      0x19d ./StdPeripheralDriver/src/stm32f10x_gpio.o
 .debug_pubnames
                0x000016eb      0x2cb ./StdPeripheralDriver/src/stm32f10x_i2c.o
 .debug_pubnames
                0x000019b6       0x91 ./StdPeripheralDriver/src/stm32f10x_iwdg.o
 .debug_pubnames
                0x00001a47       0xcb ./StdPeripheralDriver/src/stm32f10x_pwr.o
 .debug_pubnames
                0x00001b12      0x2da ./StdPeripheralDriver/src/stm32f10x_rcc.o
 .debug_pubnames
                0x00001dec      0x136 ./StdPeripheralDriver/src/stm32f10x_rtc.o
 .debug_pubnames
                0x00001f22      0x2ac ./StdPeripheralDriver/src/stm32f10x_sdio.o
 .debug_pubnames
                0x000021ce      0x1f6 ./StdPeripheralDriver/src/stm32f10x_spi.o
 .debug_pubnames
                0x000023c4      0x7b0 ./StdPeripheralDriver/src/stm32f10x_tim.o
 .debug_pubnames
                0x00002b74      0x294 ./StdPeripheralDriver/src/stm32f10x_usart.o
 .debug_pubnames
                0x00002e08       0xb0 ./StdPeripheralDriver/src/stm32f10x_wwdg.o
 .debug_pubnames
                0x00002eb8      0x159 ./CMSIS/core_cm3.o
 .debug_pubnames
                0x00003011      0x142 ./CMSIS/stm32f10x_it.o
 .debug_pubnames
                0x00003153       0x61 ./CMSIS/system_stm32f10x.o

.debug_pubtypes
                0x00000000     0x11ae
 .debug_pubtypes
                0x00000000      0x17c ./src/main.o
 .debug_pubtypes
                0x0000017c       0x8e ./src/lcd1202/lcd1202.o
 .debug_pubtypes
                0x0000020a       0x50 ./src/lcd1202/utils.o
 .debug_pubtypes
                0x0000025a       0x53 ./src/chip8/chip8.o
 .debug_pubtypes
                0x000002ad       0x80 ./StdPeripheralDriver/src/misc.o
 .debug_pubtypes
                0x0000032d       0x8c ./StdPeripheralDriver/src/stm32f10x_adc.o
 .debug_pubtypes
                0x000003b9       0x78 ./StdPeripheralDriver/src/stm32f10x_bkp.o
 .debug_pubtypes
                0x00000431      0x115 ./StdPeripheralDriver/src/stm32f10x_can.o
 .debug_pubtypes
                0x00000546       0x8c ./StdPeripheralDriver/src/stm32f10x_cec.o
 .debug_pubtypes
                0x000005d2       0x48 ./StdPeripheralDriver/src/stm32f10x_crc.o
 .debug_pubtypes
                0x0000061a       0x8c ./StdPeripheralDriver/src/stm32f10x_dac.o
 .debug_pubtypes
                0x000006a6       0x46 ./StdPeripheralDriver/src/stm32f10x_dbgmcu.o
 .debug_pubtypes
                0x000006ec       0x98 ./StdPeripheralDriver/src/stm32f10x_dma.o
 .debug_pubtypes
                0x00000784       0xa2 ./StdPeripheralDriver/src/stm32f10x_exti.o
 .debug_pubtypes
                0x00000826       0x8d ./StdPeripheralDriver/src/stm32f10x_flash.o
 .debug_pubtypes
                0x000008b3      0x168 ./StdPeripheralDriver/src/stm32f10x_fsmc.o
 .debug_pubtypes
                0x00000a1b       0xc3 ./StdPeripheralDriver/src/stm32f10x_gpio.o
 .debug_pubtypes
                0x00000ade       0xb2 ./StdPeripheralDriver/src/stm32f10x_i2c.o
 .debug_pubtypes
                0x00000b90       0x58 ./StdPeripheralDriver/src/stm32f10x_iwdg.o
 .debug_pubtypes
                0x00000be8       0x78 ./StdPeripheralDriver/src/stm32f10x_pwr.o
 .debug_pubtypes
                0x00000c60       0x9e ./StdPeripheralDriver/src/stm32f10x_rcc.o
 .debug_pubtypes
                0x00000cfe       0x78 ./StdPeripheralDriver/src/stm32f10x_rtc.o
 .debug_pubtypes
                0x00000d76       0xb2 ./StdPeripheralDriver/src/stm32f10x_sdio.o
 .debug_pubtypes
                0x00000e28       0xb6 ./StdPeripheralDriver/src/stm32f10x_spi.o
 .debug_pubtypes
                0x00000ede       0xd8 ./StdPeripheralDriver/src/stm32f10x_tim.o
 .debug_pubtypes
                0x00000fb6       0xc9 ./StdPeripheralDriver/src/stm32f10x_usart.o
 .debug_pubtypes
                0x0000107f       0x4b ./StdPeripheralDriver/src/stm32f10x_wwdg.o
 .debug_pubtypes
                0x000010ca       0x50 ./CMSIS/core_cm3.o
 .debug_pubtypes
                0x0000111a       0x3f ./CMSIS/stm32f10x_it.o
 .debug_pubtypes
                0x00001159       0x55 ./CMSIS/system_stm32f10x.o

.debug_aranges  0x00000000     0x1550
 .debug_aranges
                0x00000000       0x68 ./src/main.o
 .debug_aranges
                0x00000068       0xc0 ./src/lcd1202/lcd1202.o
 .debug_aranges
                0x00000128       0x48 ./src/lcd1202/utils.o
 .debug_aranges
                0x00000170      0x108 ./src/chip8/chip8.o
 .debug_aranges
                0x00000278       0x40 ./StdPeripheralDriver/src/misc.o
 .debug_aranges
                0x000002b8      0x138 ./StdPeripheralDriver/src/stm32f10x_adc.o
 .debug_aranges
                0x000003f0       0x78 ./StdPeripheralDriver/src/stm32f10x_bkp.o
 .debug_aranges
                0x00000468       0xe0 ./StdPeripheralDriver/src/stm32f10x_can.o
 .debug_aranges
                0x00000548       0x88 ./StdPeripheralDriver/src/stm32f10x_cec.o
 .debug_aranges
                0x000005d0       0x48 ./StdPeripheralDriver/src/stm32f10x_crc.o
 .debug_aranges
                0x00000618       0xa0 ./StdPeripheralDriver/src/stm32f10x_dac.o
 .debug_aranges
                0x000006b8       0x30 ./StdPeripheralDriver/src/stm32f10x_dbgmcu.o
 .debug_aranges
                0x000006e8       0x70 ./StdPeripheralDriver/src/stm32f10x_dma.o
 .debug_aranges
                0x00000758       0x58 ./StdPeripheralDriver/src/stm32f10x_exti.o
 .debug_aranges
                0x000007b0       0xf8 ./StdPeripheralDriver/src/stm32f10x_flash.o
 .debug_aranges
                0x000008a8       0xb0 ./StdPeripheralDriver/src/stm32f10x_fsmc.o
 .debug_aranges
                0x00000958       0xa8 ./StdPeripheralDriver/src/stm32f10x_gpio.o
 .debug_aranges
                0x00000a00      0x120 ./StdPeripheralDriver/src/stm32f10x_i2c.o
 .debug_aranges
                0x00000b20       0x48 ./StdPeripheralDriver/src/stm32f10x_iwdg.o
 .debug_aranges
                0x00000b68       0x70 ./StdPeripheralDriver/src/stm32f10x_pwr.o
 .debug_aranges
                0x00000bd8      0x120 ./StdPeripheralDriver/src/stm32f10x_rcc.o
 .debug_aranges
                0x00000cf8       0x88 ./StdPeripheralDriver/src/stm32f10x_rtc.o
 .debug_aranges
                0x00000d80      0x108 ./StdPeripheralDriver/src/stm32f10x_sdio.o
 .debug_aranges
                0x00000e88       0xd0 ./StdPeripheralDriver/src/stm32f10x_spi.o
 .debug_aranges
                0x00000f58      0x2f0 ./StdPeripheralDriver/src/stm32f10x_tim.o
 .debug_aranges
                0x00001248      0x100 ./StdPeripheralDriver/src/stm32f10x_usart.o
 .debug_aranges
                0x00001348       0x58 ./StdPeripheralDriver/src/stm32f10x_wwdg.o
 .debug_aranges
                0x000013a0       0xc8 ./CMSIS/core_cm3.o
 .debug_aranges
                0x00001468       0x28 ./CMSIS/startup_stm32f10x_md_vl.o
 .debug_aranges
                0x00001490       0x88 ./CMSIS/stm32f10x_it.o
 .debug_aranges
                0x00001518       0x38 ./CMSIS/system_stm32f10x.o

.debug_ranges   0x00000000     0x1380
 .debug_ranges  0x00000000       0x70 ./src/main.o
 .debug_ranges  0x00000070       0xb0 ./src/lcd1202/lcd1202.o
 .debug_ranges  0x00000120       0x38 ./src/lcd1202/utils.o
 .debug_ranges  0x00000158       0xf8 ./src/chip8/chip8.o
 .debug_ranges  0x00000250       0x30 ./StdPeripheralDriver/src/misc.o
 .debug_ranges  0x00000280      0x128 ./StdPeripheralDriver/src/stm32f10x_adc.o
 .debug_ranges  0x000003a8       0x68 ./StdPeripheralDriver/src/stm32f10x_bkp.o
 .debug_ranges  0x00000410       0xd0 ./StdPeripheralDriver/src/stm32f10x_can.o
 .debug_ranges  0x000004e0       0x78 ./StdPeripheralDriver/src/stm32f10x_cec.o
 .debug_ranges  0x00000558       0x38 ./StdPeripheralDriver/src/stm32f10x_crc.o
 .debug_ranges  0x00000590       0x90 ./StdPeripheralDriver/src/stm32f10x_dac.o
 .debug_ranges  0x00000620       0x20 ./StdPeripheralDriver/src/stm32f10x_dbgmcu.o
 .debug_ranges  0x00000640       0x60 ./StdPeripheralDriver/src/stm32f10x_dma.o
 .debug_ranges  0x000006a0       0x48 ./StdPeripheralDriver/src/stm32f10x_exti.o
 .debug_ranges  0x000006e8       0xe8 ./StdPeripheralDriver/src/stm32f10x_flash.o
 .debug_ranges  0x000007d0       0xa0 ./StdPeripheralDriver/src/stm32f10x_fsmc.o
 .debug_ranges  0x00000870       0x98 ./StdPeripheralDriver/src/stm32f10x_gpio.o
 .debug_ranges  0x00000908      0x110 ./StdPeripheralDriver/src/stm32f10x_i2c.o
 .debug_ranges  0x00000a18       0x38 ./StdPeripheralDriver/src/stm32f10x_iwdg.o
 .debug_ranges  0x00000a50       0x60 ./StdPeripheralDriver/src/stm32f10x_pwr.o
 .debug_ranges  0x00000ab0      0x110 ./StdPeripheralDriver/src/stm32f10x_rcc.o
 .debug_ranges  0x00000bc0       0x78 ./StdPeripheralDriver/src/stm32f10x_rtc.o
 .debug_ranges  0x00000c38       0xf8 ./StdPeripheralDriver/src/stm32f10x_sdio.o
 .debug_ranges  0x00000d30       0xc0 ./StdPeripheralDriver/src/stm32f10x_spi.o
 .debug_ranges  0x00000df0      0x2e0 ./StdPeripheralDriver/src/stm32f10x_tim.o
 .debug_ranges  0x000010d0       0xf0 ./StdPeripheralDriver/src/stm32f10x_usart.o
 .debug_ranges  0x000011c0       0x48 ./StdPeripheralDriver/src/stm32f10x_wwdg.o
 .debug_ranges  0x00001208       0xb8 ./CMSIS/core_cm3.o
 .debug_ranges  0x000012c0       0x20 ./CMSIS/startup_stm32f10x_md_vl.o
 .debug_ranges  0x000012e0       0x78 ./CMSIS/stm32f10x_it.o
 .debug_ranges  0x00001358       0x28 ./CMSIS/system_stm32f10x.o

.debug_str      0x00000000     0x55df
 .debug_str     0x00000000      0x9fa ./src/main.o
                                0xa55 (size before relaxing)
 .debug_str     0x000009fa      0x1f1 ./src/lcd1202/lcd1202.o
                                0x369 (size before relaxing)
 .debug_str     0x00000beb       0x77 ./src/lcd1202/utils.o
                                0x173 (size before relaxing)
 .debug_str     0x00000c62      0x1d7 ./src/chip8/chip8.o
                                0x2d3 (size before relaxing)
 .debug_str     0x00000e39       0xf7 ./StdPeripheralDriver/src/misc.o
                                0x345 (size before relaxing)
 .debug_str     0x00000f30      0x52a ./StdPeripheralDriver/src/stm32f10x_adc.o
                                0x67d (size before relaxing)
 .debug_str     0x0000145a      0x3a0 ./StdPeripheralDriver/src/stm32f10x_bkp.o
                                0x537 (size before relaxing)
 .debug_str     0x000017fa      0x50e ./StdPeripheralDriver/src/stm32f10x_can.o
                                0x6b0 (size before relaxing)
 .debug_str     0x00001d08      0x19c ./StdPeripheralDriver/src/stm32f10x_cec.o
                                0x2f8 (size before relaxing)
 .debug_str     0x00001ea4       0xac ./StdPeripheralDriver/src/stm32f10x_crc.o
                                0x1bd (size before relaxing)
 .debug_str     0x00001f50      0x260 ./StdPeripheralDriver/src/stm32f10x_dac.o
                                0x3c5 (size before relaxing)
 .debug_str     0x000021b0       0x80 ./StdPeripheralDriver/src/stm32f10x_dbgmcu.o
                                0x189 (size before relaxing)
 .debug_str     0x00002230      0x206 ./StdPeripheralDriver/src/stm32f10x_dma.o
                                0x343 (size before relaxing)
 .debug_str     0x00002436       0xe2 ./StdPeripheralDriver/src/stm32f10x_exti.o
                                0x2e0 (size before relaxing)
 .debug_str     0x00002518      0x40f ./StdPeripheralDriver/src/stm32f10x_flash.o
                                0x56a (size before relaxing)
 .debug_str     0x00002927      0x5bd ./StdPeripheralDriver/src/stm32f10x_fsmc.o
                                0x706 (size before relaxing)
 .debug_str     0x00002ee4      0x249 ./StdPeripheralDriver/src/stm32f10x_gpio.o
                                0x49b (size before relaxing)
 .debug_str     0x0000312d      0x428 ./StdPeripheralDriver/src/stm32f10x_i2c.o
                                0x5e8 (size before relaxing)
 .debug_str     0x00003555       0xca ./StdPeripheralDriver/src/stm32f10x_iwdg.o
                                0x1de (size before relaxing)
 .debug_str     0x0000361f      0x10a ./StdPeripheralDriver/src/stm32f10x_pwr.o
                                0x294 (size before relaxing)
 .debug_str     0x00003729      0x403 ./StdPeripheralDriver/src/stm32f10x_rcc.o
                                0x5ef (size before relaxing)
 .debug_str     0x00003b2c      0x182 ./StdPeripheralDriver/src/stm32f10x_rtc.o
                                0x324 (size before relaxing)
 .debug_str     0x00003cae      0x463 ./StdPeripheralDriver/src/stm32f10x_sdio.o
                                0x5bd (size before relaxing)
 .debug_str     0x00004111      0x353 ./StdPeripheralDriver/src/stm32f10x_spi.o
                                0x57f (size before relaxing)
 .debug_str     0x00004464      0xae4 ./StdPeripheralDriver/src/stm32f10x_tim.o
                                0xd5f (size before relaxing)
 .debug_str     0x00004f48      0x32f ./StdPeripheralDriver/src/stm32f10x_usart.o
                                0x612 (size before relaxing)
 .debug_str     0x00005277       0xc6 ./StdPeripheralDriver/src/stm32f10x_wwdg.o
                                0x1ea (size before relaxing)
 .debug_str     0x0000533d      0x146 ./CMSIS/core_cm3.o
                                0x242 (size before relaxing)
 .debug_str     0x00005483      0x103 ./CMSIS/stm32f10x_it.o
                                0x319 (size before relaxing)
 .debug_str     0x00005586       0x59 ./CMSIS/system_stm32f10x.o
                                0x245 (size before relaxing)

.comment        0x00000000       0x2a
 .comment       0x00000000       0x2a ./src/main.o
                                 0x2b (size before relaxing)
 .comment       0x00000000       0x2b ./src/lcd1202/lcd1202.o
 .comment       0x00000000       0x2b ./src/lcd1202/utils.o
 .comment       0x00000000       0x2b ./src/chip8/chip8.o
 .comment       0x00000000       0x2b ./StdPeripheralDriver/src/misc.o
 .comment       0x00000000       0x2b ./StdPeripheralDriver/src/stm32f10x_adc.o
 .comment       0x00000000       0x2b ./StdPeripheralDriver/src/stm32f10x_bkp.o
 .comment       0x00000000       0x2b ./StdPeripheralDriver/src/stm32f10x_can.o
 .comment       0x00000000       0x2b ./StdPeripheralDriver/src/stm32f10x_cec.o
 .comment       0x00000000       0x2b ./StdPeripheralDriver/src/stm32f10x_crc.o
 .comment       0x00000000       0x2b ./StdPeripheralDriver/src/stm32f10x_dac.o
 .comment       0x00000000       0x2b ./StdPeripheralDriver/src/stm32f10x_dbgmcu.o
 .comment       0x00000000       0x2b ./StdPeripheralDriver/src/stm32f10x_dma.o
 .comment       0x00000000       0x2b ./StdPeripheralDriver/src/stm32f10x_exti.o
 .comment       0x00000000       0x2b ./StdPeripheralDriver/src/stm32f10x_flash.o
 .comment       0x00000000       0x2b ./StdPeripheralDriver/src/stm32f10x_fsmc.o
 .comment       0x00000000       0x2b ./StdPeripheralDriver/src/stm32f10x_gpio.o
 .comment       0x00000000       0x2b ./StdPeripheralDriver/src/stm32f10x_i2c.o
 .comment       0x00000000       0x2b ./StdPeripheralDriver/src/stm32f10x_iwdg.o
 .comment       0x00000000       0x2b ./StdPeripheralDriver/src/stm32f10x_pwr.o
 .comment       0x00000000       0x2b ./StdPeripheralDriver/src/stm32f10x_rcc.o
 .comment       0x00000000       0x2b ./StdPeripheralDriver/src/stm32f10x_rtc.o
 .comment       0x00000000       0x2b ./StdPeripheralDriver/src/stm32f10x_sdio.o
 .comment       0x00000000       0x2b ./StdPeripheralDriver/src/stm32f10x_spi.o
 .comment       0x00000000       0x2b ./StdPeripheralDriver/src/stm32f10x_tim.o
 .comment       0x00000000       0x2b ./StdPeripheralDriver/src/stm32f10x_usart.o
 .comment       0x00000000       0x2b ./StdPeripheralDriver/src/stm32f10x_wwdg.o
 .comment       0x00000000       0x2b ./CMSIS/core_cm3.o
 .comment       0x00000000       0x2b ./CMSIS/stm32f10x_it.o
 .comment       0x00000000       0x2b ./CMSIS/system_stm32f10x.o

.debug_frame    0x00000000     0x4394
 .debug_frame   0x00000000      0x13c ./src/main.o
 .debug_frame   0x0000013c      0x29c ./src/lcd1202/lcd1202.o
 .debug_frame   0x000003d8       0xc0 ./src/lcd1202/utils.o
 .debug_frame   0x00000498      0x36c ./src/chip8/chip8.o
 .debug_frame   0x00000804       0x9c ./StdPeripheralDriver/src/misc.o
 .debug_frame   0x000008a0      0x404 ./StdPeripheralDriver/src/stm32f10x_adc.o
 .debug_frame   0x00000ca4      0x160 ./StdPeripheralDriver/src/stm32f10x_bkp.o
 .debug_frame   0x00000e04      0x2d4 ./StdPeripheralDriver/src/stm32f10x_can.o
 .debug_frame   0x000010d8      0x198 ./StdPeripheralDriver/src/stm32f10x_cec.o
 .debug_frame   0x00001270       0xb8 ./StdPeripheralDriver/src/stm32f10x_crc.o
 .debug_frame   0x00001328      0x1ec ./StdPeripheralDriver/src/stm32f10x_dac.o
 .debug_frame   0x00001514       0x64 ./StdPeripheralDriver/src/stm32f10x_dbgmcu.o
 .debug_frame   0x00001578      0x144 ./StdPeripheralDriver/src/stm32f10x_dma.o
 .debug_frame   0x000016bc       0xf0 ./StdPeripheralDriver/src/stm32f10x_exti.o
 .debug_frame   0x000017ac      0x350 ./StdPeripheralDriver/src/stm32f10x_flash.o
 .debug_frame   0x00001afc      0x224 ./StdPeripheralDriver/src/stm32f10x_fsmc.o
 .debug_frame   0x00001d20      0x210 ./StdPeripheralDriver/src/stm32f10x_gpio.o
 .debug_frame   0x00001f30      0x3b4 ./StdPeripheralDriver/src/stm32f10x_i2c.o
 .debug_frame   0x000022e4       0xb8 ./StdPeripheralDriver/src/stm32f10x_iwdg.o
 .debug_frame   0x0000239c      0x148 ./StdPeripheralDriver/src/stm32f10x_pwr.o
 .debug_frame   0x000024e4      0x3b0 ./StdPeripheralDriver/src/stm32f10x_rcc.o
 .debug_frame   0x00002894      0x1a4 ./StdPeripheralDriver/src/stm32f10x_rtc.o
 .debug_frame   0x00002a38      0x358 ./StdPeripheralDriver/src/stm32f10x_sdio.o
 .debug_frame   0x00002d90      0x29c ./StdPeripheralDriver/src/stm32f10x_spi.o
 .debug_frame   0x0000302c      0xa20 ./StdPeripheralDriver/src/stm32f10x_tim.o
 .debug_frame   0x00003a4c      0x344 ./StdPeripheralDriver/src/stm32f10x_usart.o
 .debug_frame   0x00003d90       0xf0 ./StdPeripheralDriver/src/stm32f10x_wwdg.o
 .debug_frame   0x00003e80      0x280 ./CMSIS/core_cm3.o
 .debug_frame   0x00004100      0x198 ./CMSIS/stm32f10x_it.o
 .debug_frame   0x00004298       0x80 ./CMSIS/system_stm32f10x.o
 .debug_frame   0x00004318       0x30 /usr/bin/../lib/gcc/arm-none-eabi/4.5.2/../../../../arm-none-eabi/lib/thumb2/libc.a(lib_a-memcpy.o)
 .debug_frame   0x00004348       0x2c /usr/bin/../lib/gcc/arm-none-eabi/4.5.2/../../../../arm-none-eabi/lib/thumb2/libc.a(lib_a-memset.o)
 .debug_frame   0x00004374       0x20 /usr/bin/../lib/gcc/arm-none-eabi/4.5.2/../../../../arm-none-eabi/lib/thumb2/libc.a(lib_a-strlen.o)
